-Grep Introduction-

grep (“global regular expression print”) is a command-line utility for searching plain-text data sets for lines that match a regular expression.
It is one of the most powerful and frequently used commands in Linux for text processing.


-Basic Concepts and Terminology-


    Pattern: A regular expression used to match text.
    Case Sensitivity: By default, grep is case-sensitive. Use the -i option for case-insensitive search.
    Regular Expression: A sequence of characters that define a search pattern.
    Flags/Options: Various options that modify the behavior of grep.


-Grep Commands-



-Line Anchor-
^ Beginning
$ end of line

example:
^cat
category

dog$
chilidog



-usage count-
grep -c "math" mathbook.txt

-piping output into input search-
ps aux | grep 'monitor'



-options-

-i case insensitive
-v display lines tha tdo not coutnain expression
-r recursive
-A# display #of lines after each match
-B# # of lines before each match
-e 'or', ie: grep -e 'monitor' -e 'as'
-o







-Search for a pattern in a file-
grep "pattern" file.txt

Searches for "pattern" in file.txt and prints each line that contains the pattern.
Example:
file.txt:
Hello world
This is a test file.
Grep is useful.
$ grep "test" file.txt
This is a test file.


-Search for a pattern in multiple files-
grep "pattern" file1.txt file2.txt

Searches for "pattern" in file1.txt and file2.txt.
Example:
file1.txt:
Hello world
This is a test file.
file2.txt:
Grep is useful.
$ grep "test" file1.txt file2.txt
file1.txt:This is a test file.


-Search recursively in directories-
grep -r "pattern" /path/to/dir

Searches for "pattern" recursively in all files under /path/to/dir.
Example:
$ grep -r "test" /path/to/dir
/path/to/dir/file1.txt:This is a test file.
/path/to/dir/subdir/file2.txt:Another test line.


-Search for a whole word-
grep -w "word" file.txt

Searches for the whole word "word" in file.txt.
Example:
file.txt:
word
sword
words
$ grep -w "word" file.txt
word


-Search case-insensitively-
grep -i "pattern" file.txt

Searches for "pattern" in file.txt, ignoring case.
Example:
file.txt:
Pattern
pattern
PATTERN
$ grep -i "pattern" file.txt
Pattern
pattern
PATTERN


-Search for lines that do not match-
grep -v "pattern" file.txt

Searches for lines that do not contain "pattern" in file.txt.
Example:
file.txt:
This is a test.
Grep is useful.
Testing grep.
$ grep -v "test" file.txt
Grep is useful.


-Count the number of matching lines-
grep -c "pattern" file.txt

Counts the number of lines that contain "pattern" in file.txt.
Example:
file.txt:
This is a test.
Grep is useful.
Testing grep.
$ grep -c "test" file.txt
2


-Display line numbers with matching lines-
grep -n "pattern" file.txt

Displays line numbers along with matching lines in file.txt.
Example:
file.txt:
Hello world
This is a test file.
Grep is useful.
$ grep -n "test" file.txt
2:This is a test file.


-Show only the matched part of the line-
grep -o "pattern" file.txt

Shows only the matched parts of the lines in file.txt.
Example:
file.txt:
This is a test.
Grep is useful.
Testing grep.
$ grep -o "test" file.txt
test
test


-Show lines before/after/around the match-
grep -B 2 -A 2 "pattern" file.txt

Shows 2 lines before and 2 lines after the matching lines in file.txt.
Example:
file.txt:
Line 1
Line 2
This is a test.
Line 3
Line 4
Grep is useful.
Line 5
$ grep -B 2 -A 2 "test" file.txt
Line 1
Line 2
This is a test.
Line 3
Line 4




-Show the file name with output-
grep -H "pattern" file.txt

Shows the file name along with the matching lines.
file.txt:
This is a test.
$ grep -H "test" file.txt
file.txt:This is a test.


Show only the file names of matching files-
grep -l "pattern" file1.txt file2.txt


Shows only the names of files that contain the pattern.
file1.txt:
This is a test file.
file2.txt:
No match here.
$ grep -l "test" file1.txt file2.txt
file1.txt


Show only the file names of non-matching files:
grep -L "pattern" file1.txt file2.txt


Shows only the names of files that do not contain the pattern:
file1.txt:
This is a test file.
file2.txt:
No match here.
$ grep -L "test" file1.txt file2.txt
file2.txt




using awk:
grep "pattern" file.txt | awk '{print $2, $3}'

Expressions:
grep -E "^[A-Za-z0-9._%+-]+@[A-Za-z0-9.-]+\.[A-Za-z]{2,}$" file.txt

Using GNU Parallel with grep for faster searches:
parallel grep "pattern" ::: file1.txt file2.txt file3.txt

# Match words ending with 'ing' but not containing 'jumping'
grep -P '\b(?<!jump)ing\b' file.txt









-Troubleshooting and Common Issues-

Pattern not found:
If grep does not return any output, it means the pattern was not found in the file.
Ensure the pattern is correct and the file contains the text you are searching for.

Binary file matches:
If grep outputs "Binary file matches", use the -I option to ignore binary files.
$ grep -I "pattern" file.txt

Case sensitivity issues:
If you need a case-insensitive search, use the -i option.
$ grep -i "pattern" file.txt

Missing matches due to case sensitivity:
Use the `-i` option for case-insensitive searches.
  bash
  grep -i "pattern" file.txt

Pattern not found in large files:
Ensure the pattern is correct and consider using --mmap for faster searches.
grep --mmap "pattern" largefile.txt
















-Advanced Features and Best Practices-


# Basic regex patterns
. (dot) - matches any character
* - matches zero or more occurrences
^ - matches beginning of line
$ - matches end of line
[] - matches any character within brackets
[^] - matches any character not in brackets

# Extended regex examples
grep -E "^[A-Z]{3}\d{3}$" # Match 3 uppercase letters followed by 3 digits
grep -P "(?<=\d{3})\w+" # Positive lookbehind for 3 digits then word chars

# Faster searches
grep -F # Fixed strings, no regex interpretation
grep --mmap # Use mmap instead of read
grep --devices=skip # Skip device files
grep -f patterns.txt # Read patterns from file

# Binary file search
grep -a # Treat binary as text
grep --binary-files=text # Force binary file processing
grep -U # Treat file as binary

# Complex Pattern Matching
grep -e "pattern1" -e "pattern2" # Multiple patterns
grep -l "pattern" $(find . -name "*.txt") # With find command
egrep "word1|word2" file.txt # Alternate patterns

# Grep Environment Settings
export GREP_OPTIONS="--color=auto" # Default options
export GREP_COLORS="ms=01;31" # Custom color settings
export GREP_SKIP_BINARY=1 # Skip binary files

# Process Management
grep --max-count=N # Stop after N matches
grep --group-separator="---" # Custom separator for context
grep --include="*.txt" # Filter files to search
grep --exclude-dir={.git,.svn} # Exclude directories

# Exit Status Usage
grep -q pattern file && echo "Found" # Silent mode with conditional
if grep -q pattern file; then echo "Found"; fi # Exit status in scripts
grep pattern file || echo "Not found" # Handle not found case

# Performance Optimization
grep --threads=N # Multi-threading for large files
grep --line-buffered # Force line buffering
grep -Z # Output zero-byte after filename
grep --no-messages # Suppress error messages

# Special File Operations
grep -s pattern file # Suppress file errors
grep -d skip /dev/* # Skip devices
grep -D skip file # Custom action for devices

# File Type Handling
grep --null # Null-separated output
grep --null-data # Assume null-terminated input
grep -z # Zero-byte line separator

# Security Considerations
grep -R --exclude-dir=.git --exclude=*.{jpg,png} "password" # Safe password search
grep -l "private_key" | xargs chmod 600 # Secure matching files
grep -E "^[A-Za-z0-9._%+-]+@[A-Za-z0-9.-]+\.[A-Za-z]{2,}$" # Email validation
grep --exclude-from=.gitignore "secret" # Use gitignore patterns




Advanced Grep Commands

Use extended regular expressions-
grep -E "pattern" file.txt

Uses extended regular expressions to search for "pattern" in file.txt.
Example:
file.txt:
123abc
abc123
123
$ grep -E "123|abc" file.txt
123abc
abc123
123


Use Perl-compatible regular expressions-
grep -P "pattern" file.txt

Uses Perl-compatible regular expressions to search for "pattern" in file.txt.
Example:
file.txt:
123abc
abc123
123
$ grep -P "\d{3}" file.txt
123abc
123


Print matched lines in color-
grep --color=auto "pattern" file.txt

Prints matched lines with the matching part in color.
file.txt:
This is a test.
Grep is useful.
$ grep --color=auto "test" file.txt
This is a test.


-Ignore binary files-
grep -I "pattern" file.txt

Ignores binary files while searching for "pattern" in file.txt.
$ grep -I "test" file.txt
This command will skip binary files and only search text files.













Best Practices for Using Grep:
    Use anchor symbols (^, $) to match patterns at the start or end of lines.
    Use word boundaries (\b) to match whole words.
    Combine grep with other commands using pipes for advanced text processing.
    Use the -F option for fixed-string searches to improve performance.
    Use the -x option to match the entire line.
    Combine multiple options for complex searches. For example, search case-insensitively and display line numbers:
    $ grep -in "pattern" file.txt


